client/src/pages/FIREPathPlanner.tsx(15,9): error TS1005: ':' expected.
client/src/pages/FIREPathPlanner.tsx(15,56): error TS1005: ',' expected.
client/src/pages/FIREPathPlanner.tsx(16,9): error TS1005: ':' expected.
client/src/pages/FIREPathPlanner.tsx(16,58): error TS1005: ',' expected.
client/src/pages/FIREPathPlanner.tsx(17,9): error TS1005: ':' expected.
client/src/pages/FIREPathPlanner.tsx(17,52): error TS1005: ',' expected.
client/src/pages/FIREPathPlanner.tsx(19,9): error TS1005: ':' expected.
client/src/pages/FIREPathPlanner.tsx(23,4): error TS1005: ',' expected.
client/src/pages/FIREPathPlanner.tsx(25,9): error TS1005: ':' expected.
client/src/pages/FIREPathPlanner.tsx(27,4): error TS1005: ',' expected.
client/src/pages/FIREPathPlanner.tsx(29,9): error TS1005: ':' expected.
client/src/pages/FIREPathPlanner.tsx(57,4): error TS1005: ',' expected.
client/src/pages/FIREPathPlanner.tsx(59,19): error TS1005: ',' expected.
client/src/pages/FIREPathPlanner.tsx(59,34): error TS1005: ',' expected.
client/src/pages/FIREPathPlanner.tsx(60,11): error TS1005: ':' expected.
client/src/pages/FIREPathPlanner.tsx(60,80): error TS1005: ',' expected.
client/src/pages/FIREPathPlanner.tsx(289,1): error TS1128: Declaration or statement expected.
